/home/ducha/dev/pydegensac/benchmarks/.ab/env/lib/python3.13/site-packages/h5py/__init__.py:36: UserWarning: h5py is running against HDF5 2.2.0 when it was built against 2.1.0, this may cause problems
  _warn(("h5py is running against HDF5 {0} when it was built against {1}, "
tuning f on st_peters_square: 300 pairs at max_iters=50000
  cv2-ransac       px=0.25  ratio=0.6 st_peters_square=0.1687 mean=0.1687
  cv2-ransac       px=0.25  ratio=0.65 st_peters_square=0.2003 mean=0.2003
  cv2-ransac       px=0.25  ratio=0.7 st_peters_square=0.2637 mean=0.2637
  cv2-ransac       px=0.25  ratio=0.75 st_peters_square=0.2507 mean=0.2507
  cv2-ransac       px=0.25  ratio=0.8 st_peters_square=0.3370 mean=0.3370
  cv2-ransac       px=0.25  ratio=0.85 st_peters_square=0.3433 mean=0.3433
  cv2-ransac       px=0.5   ratio=0.6 st_peters_square=0.1520 mean=0.1520
  cv2-ransac       px=0.5   ratio=0.65 st_peters_square=0.1937 mean=0.1937
  cv2-ransac       px=0.5   ratio=0.7 st_peters_square=0.2567 mean=0.2567
  cv2-ransac       px=0.5   ratio=0.75 st_peters_square=0.2673 mean=0.2673
  cv2-ransac       px=0.5   ratio=0.8 st_peters_square=0.3350 mean=0.3350
  cv2-ransac       px=0.5   ratio=0.85 st_peters_square=0.3440 mean=0.3440
  cv2-ransac       px=0.75  ratio=0.6 st_peters_square=0.1483 mean=0.1483
  cv2-ransac       px=0.75  ratio=0.65 st_peters_square=0.1930 mean=0.1930
  cv2-ransac       px=0.75  ratio=0.7 st_peters_square=0.2590 mean=0.2590
  cv2-ransac       px=0.75  ratio=0.75 st_peters_square=0.2413 mean=0.2413
  cv2-ransac       px=0.75  ratio=0.8 st_peters_square=0.3357 mean=0.3357
  cv2-ransac       px=0.75  ratio=0.85 st_peters_square=0.3420 mean=0.3420
  cv2-ransac       px=1.0   ratio=0.6 st_peters_square=0.1583 mean=0.1583
  cv2-ransac       px=1.0   ratio=0.65 st_peters_square=0.1843 mean=0.1843
  cv2-ransac       px=1.0   ratio=0.7 st_peters_square=0.2363 mean=0.2363
  cv2-ransac       px=1.0   ratio=0.75 st_peters_square=0.2423 mean=0.2423
  cv2-ransac       px=1.0   ratio=0.8 st_peters_square=0.2740 mean=0.2740
  cv2-ransac       px=1.0   ratio=0.85 st_peters_square=0.3003 mean=0.3003
  cv2-ransac       px=1.5   ratio=0.6 st_peters_square=0.1223 mean=0.1223
  cv2-ransac       px=1.5   ratio=0.65 st_peters_square=0.1780 mean=0.1780
  cv2-ransac       px=1.5   ratio=0.7 st_peters_square=0.1960 mean=0.1960
  cv2-ransac       px=1.5   ratio=0.75 st_peters_square=0.2300 mean=0.2300
  cv2-ransac       px=1.5   ratio=0.8 st_peters_square=0.2260 mean=0.2260
  cv2-ransac       px=1.5   ratio=0.85 st_peters_square=0.2837 mean=0.2837
  cv2-ransac       px=2.0   ratio=0.6 st_peters_square=0.1210 mean=0.1210
  cv2-ransac       px=2.0   ratio=0.65 st_peters_square=0.1640 mean=0.1640
  cv2-ransac       px=2.0   ratio=0.7 st_peters_square=0.1933 mean=0.1933
  cv2-ransac       px=2.0   ratio=0.75 st_peters_square=0.2203 mean=0.2203
  cv2-ransac       px=2.0   ratio=0.8 st_peters_square=0.2257 mean=0.2257
  cv2-ransac       px=2.0   ratio=0.85 st_peters_square=0.2330 mean=0.2330
  cv2-ransac       px=4.0   ratio=0.6 st_peters_square=0.1010 mean=0.1010
  cv2-ransac       px=4.0   ratio=0.65 st_peters_square=0.1273 mean=0.1273
  cv2-ransac       px=4.0   ratio=0.7 st_peters_square=0.1430 mean=0.1430
  cv2-ransac       px=4.0   ratio=0.75 st_peters_square=0.1703 mean=0.1703
  cv2-ransac       px=4.0   ratio=0.8 st_peters_square=0.1890 mean=0.1890
  cv2-ransac       px=4.0   ratio=0.85 st_peters_square=0.1833 mean=0.1833
  -> cv2-ransac: {'px_th': 0.5, 'maa': 0.344, 'per_subset': {'st_peters_square': 0.344}, 'ratio_th': 0.85}
  cv2-magsac       px=0.25  ratio=0.6 st_peters_square=0.2473 mean=0.2473
  cv2-magsac       px=0.25  ratio=0.65 st_peters_square=0.2737 mean=0.2737
  cv2-magsac       px=0.25  ratio=0.7 st_peters_square=0.3177 mean=0.3177
  cv2-magsac       px=0.25  ratio=0.75 st_peters_square=0.3533 mean=0.3533
  cv2-magsac       px=0.25  ratio=0.8 st_peters_square=0.3593 mean=0.3593
  cv2-magsac       px=0.25  ratio=0.85 st_peters_square=0.3637 mean=0.3637
  cv2-magsac       px=0.5   ratio=0.6 st_peters_square=0.2327 mean=0.2327
  cv2-magsac       px=0.5   ratio=0.65 st_peters_square=0.2580 mean=0.2580
  cv2-magsac       px=0.5   ratio=0.7 st_peters_square=0.2883 mean=0.2883
  cv2-magsac       px=0.5   ratio=0.75 st_peters_square=0.3253 mean=0.3253
  cv2-magsac       px=0.5   ratio=0.8 st_peters_square=0.3363 mean=0.3363
  cv2-magsac       px=0.5   ratio=0.85 st_peters_square=0.3287 mean=0.3287
  cv2-magsac       px=0.75  ratio=0.6 st_peters_square=0.2450 mean=0.2450
  cv2-magsac       px=0.75  ratio=0.65 st_peters_square=0.2613 mean=0.2613
  cv2-magsac       px=0.75  ratio=0.7 st_peters_square=0.2927 mean=0.2927
  cv2-magsac       px=0.75  ratio=0.75 st_peters_square=0.3207 mean=0.3207
  cv2-magsac       px=0.75  ratio=0.8 st_peters_square=0.2993 mean=0.2993
  cv2-magsac       px=0.75  ratio=0.85 st_peters_square=0.2953 mean=0.2953
  cv2-magsac       px=1.0   ratio=0.6 st_peters_square=0.2293 mean=0.2293
  cv2-magsac       px=1.0   ratio=0.65 st_peters_square=0.2577 mean=0.2577
  cv2-magsac       px=1.0   ratio=0.7 st_peters_square=0.2707 mean=0.2707
  cv2-magsac       px=1.0   ratio=0.75 st_peters_square=0.2890 mean=0.2890
  cv2-magsac       px=1.0   ratio=0.8 st_peters_square=0.3087 mean=0.3087
  cv2-magsac       px=1.0   ratio=0.85 st_peters_square=0.2637 mean=0.2637
  cv2-magsac       px=1.5   ratio=0.6 st_peters_square=0.2290 mean=0.2290
  cv2-magsac       px=1.5   ratio=0.65 st_peters_square=0.2553 mean=0.2553
  cv2-magsac       px=1.5   ratio=0.7 st_peters_square=0.2810 mean=0.2810
  cv2-magsac       px=1.5   ratio=0.75 st_peters_square=0.2780 mean=0.2780
  cv2-magsac       px=1.5   ratio=0.8 st_peters_square=0.2860 mean=0.2860
  cv2-magsac       px=1.5   ratio=0.85 st_peters_square=0.2433 mean=0.2433
  cv2-magsac       px=2.0   ratio=0.6 st_peters_square=0.2127 mean=0.2127
  cv2-magsac       px=2.0   ratio=0.65 st_peters_square=0.2433 mean=0.2433
  cv2-magsac       px=2.0   ratio=0.7 st_peters_square=0.2697 mean=0.2697
  cv2-magsac       px=2.0   ratio=0.75 st_peters_square=0.2573 mean=0.2573
  cv2-magsac       px=2.0   ratio=0.8 st_peters_square=0.2927 mean=0.2927
  cv2-magsac       px=2.0   ratio=0.85 st_peters_square=0.2387 mean=0.2387
  cv2-magsac       px=4.0   ratio=0.6 st_peters_square=0.2080 mean=0.2080
  cv2-magsac       px=4.0   ratio=0.65 st_peters_square=0.2173 mean=0.2173
  cv2-magsac       px=4.0   ratio=0.7 st_peters_square=0.2430 mean=0.2430
  cv2-magsac       px=4.0   ratio=0.75 st_peters_square=0.2120 mean=0.2120
  cv2-magsac       px=4.0   ratio=0.8 st_peters_square=0.2410 mean=0.2410
  cv2-magsac       px=4.0   ratio=0.85 st_peters_square=0.1740 mean=0.1740
  -> cv2-magsac: {'px_th': 0.25, 'maa': 0.3636666666666667, 'per_subset': {'st_peters_square': 0.3636666666666667}, 'ratio_th': 0.85}
  poselib          px=0.25  ratio=0.6 st_peters_square=0.1937 mean=0.1937
  poselib          px=0.25  ratio=0.65 st_peters_square=0.2463 mean=0.2463
  poselib          px=0.25  ratio=0.7 st_peters_square=0.2737 mean=0.2737
  poselib          px=0.25  ratio=0.75 st_peters_square=0.3320 mean=0.3320
  poselib          px=0.25  ratio=0.8 st_peters_square=0.3723 mean=0.3723
  poselib          px=0.25  ratio=0.85 st_peters_square=0.4017 mean=0.4017
  poselib          px=0.5   ratio=0.6 st_peters_square=0.2387 mean=0.2387
  poselib          px=0.5   ratio=0.65 st_peters_square=0.2863 mean=0.2863
  poselib          px=0.5   ratio=0.7 st_peters_square=0.3500 mean=0.3500
  poselib          px=0.5   ratio=0.75 st_peters_square=0.3717 mean=0.3717
  poselib          px=0.5   ratio=0.8 st_peters_square=0.4303 mean=0.4303
  poselib          px=0.5   ratio=0.85 st_peters_square=0.4477 mean=0.4477
  poselib          px=0.75  ratio=0.6 st_peters_square=0.2620 mean=0.2620
  poselib          px=0.75  ratio=0.65 st_peters_square=0.3123 mean=0.3123
  poselib          px=0.75  ratio=0.7 st_peters_square=0.3400 mean=0.3400
  poselib          px=0.75  ratio=0.75 st_peters_square=0.3930 mean=0.3930
  poselib          px=0.75  ratio=0.8 st_peters_square=0.4370 mean=0.4370
  poselib          px=0.75  ratio=0.85 st_peters_square=0.4180 mean=0.4180
  poselib          px=1.0   ratio=0.6 st_peters_square=0.2563 mean=0.2563
  poselib          px=1.0   ratio=0.65 st_peters_square=0.3230 mean=0.3230
  poselib          px=1.0   ratio=0.7 st_peters_square=0.3463 mean=0.3463
  poselib          px=1.0   ratio=0.75 st_peters_square=0.3907 mean=0.3907
  poselib          px=1.0   ratio=0.8 st_peters_square=0.4160 mean=0.4160
  poselib          px=1.0   ratio=0.85 st_peters_square=0.4020 mean=0.4020
  poselib          px=1.5   ratio=0.6 st_peters_square=0.2587 mean=0.2587
  poselib          px=1.5   ratio=0.65 st_peters_square=0.2957 mean=0.2957
  poselib          px=1.5   ratio=0.7 st_peters_square=0.3357 mean=0.3357
  poselib          px=1.5   ratio=0.75 st_peters_square=0.3737 mean=0.3737
  poselib          px=1.5   ratio=0.8 st_peters_square=0.3987 mean=0.3987
  poselib          px=1.5   ratio=0.85 st_peters_square=0.3833 mean=0.3833
  poselib          px=2.0   ratio=0.6 st_peters_square=0.2470 mean=0.2470
  poselib          px=2.0   ratio=0.65 st_peters_square=0.2820 mean=0.2820
  poselib          px=2.0   ratio=0.7 st_peters_square=0.3240 mean=0.3240
  poselib          px=2.0   ratio=0.75 st_peters_square=0.3370 mean=0.3370
  poselib          px=2.0   ratio=0.8 st_peters_square=0.3493 mean=0.3493
  poselib          px=2.0   ratio=0.85 st_peters_square=0.3167 mean=0.3167
  poselib          px=4.0   ratio=0.6 st_peters_square=0.1897 mean=0.1897
  poselib          px=4.0   ratio=0.65 st_peters_square=0.2180 mean=0.2180
  poselib          px=4.0   ratio=0.7 st_peters_square=0.2287 mean=0.2287
  poselib          px=4.0   ratio=0.75 st_peters_square=0.2210 mean=0.2210
  poselib          px=4.0   ratio=0.8 st_peters_square=0.2313 mean=0.2313
  poselib          px=4.0   ratio=0.85 st_peters_square=0.1763 mean=0.1763
  -> poselib: {'px_th': 0.5, 'maa': 0.44766666666666666, 'per_subset': {'st_peters_square': 0.44766666666666666}, 'ratio_th': 0.85}
  poselib-prosac   px=0.25  ratio=0.6 st_peters_square=0.1790 mean=0.1790
  poselib-prosac   px=0.25  ratio=0.65 st_peters_square=0.2267 mean=0.2267
  poselib-prosac   px=0.25  ratio=0.7 st_peters_square=0.2727 mean=0.2727
  poselib-prosac   px=0.25  ratio=0.75 st_peters_square=0.3143 mean=0.3143
  poselib-prosac   px=0.25  ratio=0.8 st_peters_square=0.3650 mean=0.3650
  poselib-prosac   px=0.25  ratio=0.85 st_peters_square=0.4007 mean=0.4007
  poselib-prosac   px=0.5   ratio=0.6 st_peters_square=0.2367 mean=0.2367
  poselib-prosac   px=0.5   ratio=0.65 st_peters_square=0.2930 mean=0.2930
  poselib-prosac   px=0.5   ratio=0.7 st_peters_square=0.3407 mean=0.3407
  poselib-prosac   px=0.5   ratio=0.75 st_peters_square=0.3887 mean=0.3887
  poselib-prosac   px=0.5   ratio=0.8 st_peters_square=0.4333 mean=0.4333
  poselib-prosac   px=0.5   ratio=0.85 st_peters_square=0.4413 mean=0.4413
  poselib-prosac   px=0.75  ratio=0.6 st_peters_square=0.2620 mean=0.2620
  poselib-prosac   px=0.75  ratio=0.65 st_peters_square=0.3063 mean=0.3063
  poselib-prosac   px=0.75  ratio=0.7 st_peters_square=0.3320 mean=0.3320
  poselib-prosac   px=0.75  ratio=0.75 st_peters_square=0.3900 mean=0.3900
  poselib-prosac   px=0.75  ratio=0.8 st_peters_square=0.4240 mean=0.4240
  poselib-prosac   px=0.75  ratio=0.85 st_peters_square=0.4370 mean=0.4370
  poselib-prosac   px=1.0   ratio=0.6 st_peters_square=0.2617 mean=0.2617
  poselib-prosac   px=1.0   ratio=0.65 st_peters_square=0.3163 mean=0.3163
  poselib-prosac   px=1.0   ratio=0.7 st_peters_square=0.3487 mean=0.3487
  poselib-prosac   px=1.0   ratio=0.75 st_peters_square=0.3923 mean=0.3923
  poselib-prosac   px=1.0   ratio=0.8 st_peters_square=0.4127 mean=0.4127
  poselib-prosac   px=1.0   ratio=0.85 st_peters_square=0.4247 mean=0.4247
  poselib-prosac   px=1.5   ratio=0.6 st_peters_square=0.2603 mean=0.2603
  poselib-prosac   px=1.5   ratio=0.65 st_peters_square=0.2960 mean=0.2960
  poselib-prosac   px=1.5   ratio=0.7 st_peters_square=0.3347 mean=0.3347
  poselib-prosac   px=1.5   ratio=0.75 st_peters_square=0.3850 mean=0.3850
  poselib-prosac   px=1.5   ratio=0.8 st_peters_square=0.3953 mean=0.3953
  poselib-prosac   px=1.5   ratio=0.85 st_peters_square=0.3967 mean=0.3967
  poselib-prosac   px=2.0   ratio=0.6 st_peters_square=0.2487 mean=0.2487
  poselib-prosac   px=2.0   ratio=0.65 st_peters_square=0.2747 mean=0.2747
  poselib-prosac   px=2.0   ratio=0.7 st_peters_square=0.3377 mean=0.3377
  poselib-prosac   px=2.0   ratio=0.75 st_peters_square=0.3560 mean=0.3560
  poselib-prosac   px=2.0   ratio=0.8 st_peters_square=0.3617 mean=0.3617
  poselib-prosac   px=2.0   ratio=0.85 st_peters_square=0.3277 mean=0.3277
  poselib-prosac   px=4.0   ratio=0.6 st_peters_square=0.1973 mean=0.1973
  poselib-prosac   px=4.0   ratio=0.65 st_peters_square=0.2223 mean=0.2223
  poselib-prosac   px=4.0   ratio=0.7 st_peters_square=0.2417 mean=0.2417
  poselib-prosac   px=4.0   ratio=0.75 st_peters_square=0.2330 mean=0.2330
  poselib-prosac   px=4.0   ratio=0.8 st_peters_square=0.2307 mean=0.2307
  poselib-prosac   px=4.0   ratio=0.85 st_peters_square=0.1827 mean=0.1827
  -> poselib-prosac: {'px_th': 0.5, 'maa': 0.4413333333333334, 'per_subset': {'st_peters_square': 0.4413333333333334}, 'ratio_th': 0.85}
  pydegensac       px=0.25  ratio=0.6 st_peters_square=0.2247 mean=0.2247
  pydegensac       px=0.25  ratio=0.65 st_peters_square=0.2603 mean=0.2603
  pydegensac       px=0.25  ratio=0.7 st_peters_square=0.3097 mean=0.3097
  pydegensac       px=0.25  ratio=0.75 st_peters_square=0.3597 mean=0.3597
  pydegensac       px=0.25  ratio=0.8 st_peters_square=0.3983 mean=0.3983
  pydegensac       px=0.25  ratio=0.85 st_peters_square=0.4127 mean=0.4127
  pydegensac       px=0.5   ratio=0.6 st_peters_square=0.2427 mean=0.2427
  pydegensac       px=0.5   ratio=0.65 st_peters_square=0.3027 mean=0.3027
  pydegensac       px=0.5   ratio=0.7 st_peters_square=0.3350 mean=0.3350
  pydegensac       px=0.5   ratio=0.75 st_peters_square=0.3590 mean=0.3590
  pydegensac       px=0.5   ratio=0.8 st_peters_square=0.4120 mean=0.4120
  pydegensac       px=0.5   ratio=0.85 st_peters_square=0.4083 mean=0.4083
  pydegensac       px=0.75  ratio=0.6 st_peters_square=0.2630 mean=0.2630
  pydegensac       px=0.75  ratio=0.65 st_peters_square=0.3037 mean=0.3037
  pydegensac       px=0.75  ratio=0.7 st_peters_square=0.3230 mean=0.3230
  pydegensac       px=0.75  ratio=0.75 st_peters_square=0.3690 mean=0.3690
  pydegensac       px=0.75  ratio=0.8 st_peters_square=0.3797 mean=0.3797
  pydegensac       px=0.75  ratio=0.85 st_peters_square=0.3897 mean=0.3897
  pydegensac       px=1.0   ratio=0.6 st_peters_square=0.2457 mean=0.2457
  pydegensac       px=1.0   ratio=0.65 st_peters_square=0.2797 mean=0.2797
  pydegensac       px=1.0   ratio=0.7 st_peters_square=0.3070 mean=0.3070
  pydegensac       px=1.0   ratio=0.75 st_peters_square=0.3570 mean=0.3570
  pydegensac       px=1.0   ratio=0.8 st_peters_square=0.3650 mean=0.3650
  pydegensac       px=1.0   ratio=0.85 st_peters_square=0.3627 mean=0.3627
  pydegensac       px=1.5   ratio=0.6 st_peters_square=0.2260 mean=0.2260
  pydegensac       px=1.5   ratio=0.65 st_peters_square=0.2643 mean=0.2643
  pydegensac       px=1.5   ratio=0.7 st_peters_square=0.2790 mean=0.2790
  pydegensac       px=1.5   ratio=0.75 st_peters_square=0.3030 mean=0.3030
  pydegensac       px=1.5   ratio=0.8 st_peters_square=0.3087 mean=0.3087
  pydegensac       px=1.5   ratio=0.85 st_peters_square=0.2797 mean=0.2797
  pydegensac       px=2.0   ratio=0.6 st_peters_square=0.2007 mean=0.2007
  pydegensac       px=2.0   ratio=0.65 st_peters_square=0.2233 mean=0.2233
  pydegensac       px=2.0   ratio=0.7 st_peters_square=0.2443 mean=0.2443
  pydegensac       px=2.0   ratio=0.75 st_peters_square=0.2540 mean=0.2540
  pydegensac       px=2.0   ratio=0.8 st_peters_square=0.2620 mean=0.2620
  pydegensac       px=2.0   ratio=0.85 st_peters_square=0.2090 mean=0.2090
  pydegensac       px=4.0   ratio=0.6 st_peters_square=0.1490 mean=0.1490
  pydegensac       px=4.0   ratio=0.65 st_peters_square=0.1677 mean=0.1677
  pydegensac       px=4.0   ratio=0.7 st_peters_square=0.1623 mean=0.1623
  pydegensac       px=4.0   ratio=0.75 st_peters_square=0.1503 mean=0.1503
  pydegensac       px=4.0   ratio=0.8 st_peters_square=0.1567 mean=0.1567
  pydegensac       px=4.0   ratio=0.85 st_peters_square=0.1103 mean=0.1103
  -> pydegensac: {'px_th': 0.25, 'maa': 0.4126666666666667, 'per_subset': {'st_peters_square': 0.4126666666666667}, 'ratio_th': 0.85}
wrote /home/ducha/dev/pydegensac/benchmarks/results/tuning_f.json
