/home/ducha/dev/pydegensac/benchmarks/.ab/env/lib/python3.13/site-packages/h5py/__init__.py:36: UserWarning: h5py is running against HDF5 2.2.0 when it was built against 2.1.0, this may cause problems
  _warn(("h5py is running against HDF5 {0} when it was built against {1}, "
tuning f on st_peters_square: 300 pairs at max_iters=50000
  cv2-ransac       px=0.25  ratio=0.7 st_peters_square=0.2637
  cv2-ransac       px=0.25  ratio=0.75 st_peters_square=0.2507
  cv2-ransac       px=0.25  ratio=0.8 st_peters_square=0.3370
  cv2-ransac       px=0.25  ratio=0.85 st_peters_square=0.3433
  cv2-ransac       px=0.25  ratio=0.9 st_peters_square=0.3030
  cv2-ransac       px=0.25  ratio=0.95 st_peters_square=0.2263
  cv2-ransac       px=0.25  ratio=1.0 st_peters_square=0.1557
  cv2-ransac       px=0.5   ratio=0.7 st_peters_square=0.2567
  cv2-ransac       px=0.5   ratio=0.75 st_peters_square=0.2673
  cv2-ransac       px=0.5   ratio=0.8 st_peters_square=0.3350
  cv2-ransac       px=0.5   ratio=0.85 st_peters_square=0.3440
  cv2-ransac       px=0.5   ratio=0.9 st_peters_square=0.3363
  cv2-ransac       px=0.5   ratio=0.95 st_peters_square=0.2493
  cv2-ransac       px=0.5   ratio=1.0 st_peters_square=0.1487
  cv2-ransac       px=0.75  ratio=0.7 st_peters_square=0.2590
  cv2-ransac       px=0.75  ratio=0.75 st_peters_square=0.2413
  cv2-ransac       px=0.75  ratio=0.8 st_peters_square=0.3357
  cv2-ransac       px=0.75  ratio=0.85 st_peters_square=0.3420
  cv2-ransac       px=0.75  ratio=0.9 st_peters_square=0.3263
  cv2-ransac       px=0.75  ratio=0.95 st_peters_square=0.2667
  cv2-ransac       px=0.75  ratio=1.0 st_peters_square=0.1533
  cv2-ransac       px=1.0   ratio=0.7 st_peters_square=0.2363
  cv2-ransac       px=1.0   ratio=0.75 st_peters_square=0.2423
  cv2-ransac       px=1.0   ratio=0.8 st_peters_square=0.2740
  cv2-ransac       px=1.0   ratio=0.85 st_peters_square=0.3003
  cv2-ransac       px=1.0   ratio=0.9 st_peters_square=0.3350
  cv2-ransac       px=1.0   ratio=0.95 st_peters_square=0.2393
  cv2-ransac       px=1.0   ratio=1.0 st_peters_square=0.1523
  -> cv2-ransac / st_peters_square: {'px_th': 0.5, 'ratio_th': 0.85, 'maa': 0.344}
  cv2-magsac       px=0.25  ratio=0.7 st_peters_square=0.3177
  cv2-magsac       px=0.25  ratio=0.75 st_peters_square=0.3533
  cv2-magsac       px=0.25  ratio=0.8 st_peters_square=0.3593
  cv2-magsac       px=0.25  ratio=0.85 st_peters_square=0.3637
  cv2-magsac       px=0.25  ratio=0.9 st_peters_square=0.3103
  cv2-magsac       px=0.25  ratio=0.95 st_peters_square=0.2267
  cv2-magsac       px=0.25  ratio=1.0 st_peters_square=0.1560
  cv2-magsac       px=0.5   ratio=0.7 st_peters_square=0.2883
  cv2-magsac       px=0.5   ratio=0.75 st_peters_square=0.3253
  cv2-magsac       px=0.5   ratio=0.8 st_peters_square=0.3363
  cv2-magsac       px=0.5   ratio=0.85 st_peters_square=0.3287
  cv2-magsac       px=0.5   ratio=0.9 st_peters_square=0.2673
  cv2-magsac       px=0.5   ratio=0.95 st_peters_square=0.2283
  cv2-magsac       px=0.5   ratio=1.0 st_peters_square=0.1450
  cv2-magsac       px=0.75  ratio=0.7 st_peters_square=0.2927
  cv2-magsac       px=0.75  ratio=0.75 st_peters_square=0.3207
  cv2-magsac       px=0.75  ratio=0.8 st_peters_square=0.2993
  cv2-magsac       px=0.75  ratio=0.85 st_peters_square=0.2953
  cv2-magsac       px=0.75  ratio=0.9 st_peters_square=0.2687
  cv2-magsac       px=0.75  ratio=0.95 st_peters_square=0.2270
  cv2-magsac       px=0.75  ratio=1.0 st_peters_square=0.1403
  cv2-magsac       px=1.0   ratio=0.7 st_peters_square=0.2707
  cv2-magsac       px=1.0   ratio=0.75 st_peters_square=0.2890
  cv2-magsac       px=1.0   ratio=0.8 st_peters_square=0.3087
  cv2-magsac       px=1.0   ratio=0.85 st_peters_square=0.2637
  cv2-magsac       px=1.0   ratio=0.9 st_peters_square=0.2400
  cv2-magsac       px=1.0   ratio=0.95 st_peters_square=0.2097
  cv2-magsac       px=1.0   ratio=1.0 st_peters_square=0.1240
  -> cv2-magsac / st_peters_square: {'px_th': 0.25, 'ratio_th': 0.85, 'maa': 0.3636666666666667}
  poselib          px=0.25  ratio=0.7 st_peters_square=0.2737
  poselib          px=0.25  ratio=0.75 st_peters_square=0.3320
  poselib          px=0.25  ratio=0.8 st_peters_square=0.3723
  poselib          px=0.25  ratio=0.85 st_peters_square=0.4017
  poselib          px=0.25  ratio=0.9 st_peters_square=0.3507
  poselib          px=0.25  ratio=0.95 st_peters_square=0.2843
  poselib          px=0.25  ratio=1.0 st_peters_square=0.1790
  poselib          px=0.5   ratio=0.7 st_peters_square=0.3500
  poselib          px=0.5   ratio=0.75 st_peters_square=0.3717
  poselib          px=0.5   ratio=0.8 st_peters_square=0.4303
  poselib          px=0.5   ratio=0.85 st_peters_square=0.4477
  poselib          px=0.5   ratio=0.9 st_peters_square=0.4180
  poselib          px=0.5   ratio=0.95 st_peters_square=0.3273
  poselib          px=0.5   ratio=1.0 st_peters_square=0.1977
  poselib          px=0.75  ratio=0.7 st_peters_square=0.3400
  poselib          px=0.75  ratio=0.75 st_peters_square=0.3930
  poselib          px=0.75  ratio=0.8 st_peters_square=0.4370
  poselib          px=0.75  ratio=0.85 st_peters_square=0.4180
  poselib          px=0.75  ratio=0.9 st_peters_square=0.4157
  poselib          px=0.75  ratio=0.95 st_peters_square=0.3170
  poselib          px=0.75  ratio=1.0 st_peters_square=0.2147
  poselib          px=1.0   ratio=0.7 st_peters_square=0.3463
  poselib          px=1.0   ratio=0.75 st_peters_square=0.3907
  poselib          px=1.0   ratio=0.8 st_peters_square=0.4160
  poselib          px=1.0   ratio=0.85 st_peters_square=0.4020
  poselib          px=1.0   ratio=0.9 st_peters_square=0.3967
  poselib          px=1.0   ratio=0.95 st_peters_square=0.2953
  poselib          px=1.0   ratio=1.0 st_peters_square=0.2030
  -> poselib / st_peters_square: {'px_th': 0.5, 'ratio_th': 0.85, 'maa': 0.44766666666666666}
  poselib-prosac   px=0.25  ratio=0.7 st_peters_square=0.2727
  poselib-prosac   px=0.25  ratio=0.75 st_peters_square=0.3143
  poselib-prosac   px=0.25  ratio=0.8 st_peters_square=0.3650
  poselib-prosac   px=0.25  ratio=0.85 st_peters_square=0.4007
  poselib-prosac   px=0.25  ratio=0.9 st_peters_square=0.3977
  poselib-prosac   px=0.25  ratio=0.95 st_peters_square=0.3110
  poselib-prosac   px=0.25  ratio=1.0 st_peters_square=0.2823
  poselib-prosac   px=0.5   ratio=0.7 st_peters_square=0.3407
  poselib-prosac   px=0.5   ratio=0.75 st_peters_square=0.3887
  poselib-prosac   px=0.5   ratio=0.8 st_peters_square=0.4333
  poselib-prosac   px=0.5   ratio=0.85 st_peters_square=0.4413
  poselib-prosac   px=0.5   ratio=0.9 st_peters_square=0.4433
  poselib-prosac   px=0.5   ratio=0.95 st_peters_square=0.3587
  poselib-prosac   px=0.5   ratio=1.0 st_peters_square=0.3173
  poselib-prosac   px=0.75  ratio=0.7 st_peters_square=0.3320
  poselib-prosac   px=0.75  ratio=0.75 st_peters_square=0.3900
  poselib-prosac   px=0.75  ratio=0.8 st_peters_square=0.4240
  poselib-prosac   px=0.75  ratio=0.85 st_peters_square=0.4370
  poselib-prosac   px=0.75  ratio=0.9 st_peters_square=0.4270
  poselib-prosac   px=0.75  ratio=0.95 st_peters_square=0.3463
  poselib-prosac   px=0.75  ratio=1.0 st_peters_square=0.2990
  poselib-prosac   px=1.0   ratio=0.7 st_peters_square=0.3487
  poselib-prosac   px=1.0   ratio=0.75 st_peters_square=0.3923
  poselib-prosac   px=1.0   ratio=0.8 st_peters_square=0.4127
  poselib-prosac   px=1.0   ratio=0.85 st_peters_square=0.4247
  poselib-prosac   px=1.0   ratio=0.9 st_peters_square=0.3907
  poselib-prosac   px=1.0   ratio=0.95 st_peters_square=0.3357
  poselib-prosac   px=1.0   ratio=1.0 st_peters_square=0.3137
  -> poselib-prosac / st_peters_square: {'px_th': 0.5, 'ratio_th': 0.9, 'maa': 0.44333333333333336}
  pydegensac       px=0.25  ratio=0.7 st_peters_square=0.2903
  pydegensac       px=0.25  ratio=0.75 st_peters_square=0.3407
  pydegensac       px=0.25  ratio=0.8 st_peters_square=0.3917
  pydegensac       px=0.25  ratio=0.85 st_peters_square=0.4003
  pydegensac       px=0.25  ratio=0.9 st_peters_square=0.3940
  pydegensac       px=0.25  ratio=0.95 st_peters_square=0.3240
  pydegensac       px=0.25  ratio=1.0 st_peters_square=0.2340
  pydegensac       px=0.5   ratio=0.7 st_peters_square=0.3413
  pydegensac       px=0.5   ratio=0.75 st_peters_square=0.3553
  pydegensac       px=0.5   ratio=0.8 st_peters_square=0.4077
  pydegensac       px=0.5   ratio=0.85 st_peters_square=0.3957
  pydegensac       px=0.5   ratio=0.9 st_peters_square=0.3843
  pydegensac       px=0.5   ratio=0.95 st_peters_square=0.3090
  pydegensac       px=0.5   ratio=1.0 st_peters_square=0.2453
  pydegensac       px=0.75  ratio=0.7 st_peters_square=0.3140
  pydegensac       px=0.75  ratio=0.75 st_peters_square=0.3440
  pydegensac       px=0.75  ratio=0.8 st_peters_square=0.3987
  pydegensac       px=0.75  ratio=0.85 st_peters_square=0.3823
  pydegensac       px=0.75  ratio=0.9 st_peters_square=0.3560
  pydegensac       px=0.75  ratio=0.95 st_peters_square=0.2797
  pydegensac       px=0.75  ratio=1.0 st_peters_square=0.2093
  pydegensac       px=1.0   ratio=0.7 st_peters_square=0.3070
  pydegensac       px=1.0   ratio=0.75 st_peters_square=0.3497
  pydegensac       px=1.0   ratio=0.8 st_peters_square=0.3733
  pydegensac       px=1.0   ratio=0.85 st_peters_square=0.3563
  pydegensac       px=1.0   ratio=0.9 st_peters_square=0.2887
  pydegensac       px=1.0   ratio=0.95 st_peters_square=0.2260
  pydegensac       px=1.0   ratio=1.0 st_peters_square=0.1530
  -> pydegensac / st_peters_square: {'px_th': 0.5, 'ratio_th': 0.8, 'maa': 0.4076666666666666}
wrote /home/ducha/dev/pydegensac/benchmarks/results/tuning_f.json — copy `best` into tuned_config.json to use it
